Microsoft (R) Macro Assembler Version 14.00.24210.0	    12/25/16 11:57:59
D:\Develop\github\QOR\IDEProjects\VisualStudio\2015\WinCmpSupQORVC\..\..\..\..\Source\SystemQOR\MSWindows\WinCmpSupQORVC\src\Exceptions\SEH\intrinsics.asm  Page 1 - 1



				.486 

				.MODEL flat

				ASSUME fs: NOTHING 

				EXTRN __except_handler4:NEAR
				EXTRN ___security_cookie:NEAR
				EXTRN @__security_check_cookie@4:NEAR


				PUBLIC __tls_array
				PUBLIC __fltused
				PUBLIC __ldused
				PUBLIC __except_list 
				PUBLIC __SEH_prolog
				PUBLIC __SEH_epilog
				PUBLIC __SEH_prolog4
				PUBLIC __SEH_epilog4
				PUBLIC __EH_prolog
				PUBLIC __EH_prolog3
				PUBLIC __EH_epilog3
				PUBLIC __EH_prolog3_catch
				PUBLIC __EH_prolog3_catch_GS
				PUBLIC __EH_epilog3_catch_GS

 = 0000002C			__tls_array	 EQU	 2ch
 = 00009876			__fltused	 EQU	 9876h
 = 00009876			__ldused	 EQU	 9876h

 00000000			ZERO SEGMENT 

 = 00000000			__except_list EQU 0
 = 00000001			@feat		 EQU	 1

 00000000			ZERO ENDS

 00000000			.CODE

 00000000			__SEH_prolog PROC NEAR
 00000000  68 00000000 E	push	    offset __except_handler4
 00000005  64: A1		mov	    eax,dword ptr fs:[00000000h] 
	   00000000
 0000000B  50			push	    eax  
 0000000C  8B 44 24 10		mov	    eax,dword ptr [esp+10h]
 00000010  89 6C 24 10		mov	    dword ptr [esp+10h],ebp
 00000014  8D 6C 24 10		lea	    ebp,[esp+10h]
 00000018  2B E0		sub	    esp,eax 
 0000001A  53			push	    ebx  
 0000001B  56			push	    esi  
 0000001C  57			push	    edi  
 0000001D  8B 45 F8		mov	    eax,dword ptr [ebp-8] 
 00000020  89 65 E8		mov	    dword ptr [ebp-18h],esp 
 00000023  50			push	    eax  
 00000024  8B 45 FC		mov	    eax,dword ptr [ebp-4] 
 00000027  C7 45 FC		mov	    dword ptr [ebp-4],0FFFFFFFFh 
	   FFFFFFFF
 0000002E  89 45 F8		mov	    dword ptr [ebp-8],eax 
 00000031  8D 45 F0		lea	    eax,[ebp-10h] 
 00000034  64: A3		mov	    dword ptr fs:[00000000h],eax 
	   00000000
 0000003A  C3			ret		 
 0000003B			__SEH_prolog ENDP

 0000003B			__SEH_prolog4 PROC NEAR
 0000003B  68 00000000 E	push	    offset __except_handler4
 00000040  64: A1		mov	    eax,dword ptr fs:[00000000h] 
	   00000000
 00000046  50			push	    eax  
 00000047  8B 44 24 10		mov	    eax,dword ptr [esp+10h]
 0000004B  89 6C 24 10		mov	    dword ptr [esp+10h],ebp
 0000004F  8D 6C 24 10		lea	    ebp,[esp+10h]
 00000053  2B E0		sub	    esp,eax 
 00000055  53			push	    ebx  
 00000056  56			push	    esi  
 00000057  57			push	    edi  
 00000058  8B 45 F8		mov	    eax,dword ptr [ebp-8] 
 0000005B  89 65 E8		mov	    dword ptr [ebp-18h],esp 
 0000005E  50			push	    eax  
 0000005F  8B 45 FC		mov	    eax,dword ptr [ebp-4] 
 00000062  C7 45 FC		mov	    dword ptr [ebp-4],0FFFFFFFFh 
	   FFFFFFFF
 00000069  89 45 F8		mov	    dword ptr [ebp-8],eax 
 0000006C  8D 45 F0		lea	    eax,[ebp-10h] 
 0000006F  64: A3		mov	    dword ptr fs:[00000000h],eax 
	   00000000
 00000075  C3			ret		 
 00000076			__SEH_prolog4 ENDP

 00000076			__SEH_epilog PROC NEAR
 00000076  8B 4D F0		mov	    ecx,dword ptr [ebp-10h] 
 00000079  64: 89 0D		mov	    dword ptr fs:[0],ecx 
	   00000000
 00000080  59			pop	    ecx  
 00000081  5F			pop	    edi  
 00000082  5E			pop	    esi  
 00000083  5B			pop	    ebx  
 00000084  C9			leave		 
 00000085  51			push	    ecx  
 00000086  C3			ret	      
 00000087			__SEH_epilog ENDP

 00000087			__SEH_epilog4 PROC NEAR
 00000087  8B 4D F0		mov	    ecx,dword ptr [ebp-10h] 
 0000008A  64: 89 0D		mov	    dword ptr fs:[0],ecx 
	   00000000
 00000091  59			pop	    ecx  
 00000092  5F			pop	    edi  
 00000093  5E			pop	    esi  
 00000094  5B			pop	    ebx  
 00000095  C9			leave		 
 00000096  51			push	    ecx  
 00000097  C3			ret	      
 00000098			__SEH_epilog4 ENDP

 00000098			__EH_prolog PROC NEAR
 00000098  6A FF		push	    0FFFFFFFFh 
 0000009A  50			push	    eax  
 0000009B  64: A1		mov	    eax,dword ptr fs:[00000000h] 
	   00000000
 000000A1  50			push	    eax  
 000000A2  8B 44 24 0C		mov	    eax,dword ptr [esp+0Ch] 
 000000A6  64: 89 25		mov	    dword ptr fs:[0],esp 
	   00000000
 000000AD  89 6C 24 0C		mov	    dword ptr [esp+0Ch],ebp 
 000000B1  8D 6C 24 0C		lea	    ebp,[esp+0Ch] 
 000000B5  50			push	    eax  
 000000B6  C3			ret  
 000000B7			__EH_prolog ENDP	   

 000000B7			__EH_prolog3 PROC NEAR
 000000B7  6A FF		push	    0FFFFFFFFh 
 000000B9  50			push	    eax  
 000000BA  64: A1		mov	    eax,dword ptr fs:[00000000h] 
	   00000000
 000000C0  50			push	    eax  
 000000C1  8B 44 24 0C		mov	    eax,dword ptr [esp+0Ch] 
 000000C5  64: 89 25		mov	    dword ptr fs:[0],esp 
	   00000000
 000000CC  89 6C 24 0C		mov	    dword ptr [esp+0Ch],ebp 
 000000D0  8D 6C 24 0C		lea	    ebp,[esp+0Ch] 
 000000D4  50			push	    eax  
 000000D5  C3			ret  
 000000D6			__EH_prolog3 ENDP	   

 000000D6			__EH_epilog3 PROC NEAR
 000000D6  8B 4D F4		mov         ecx,dword ptr [ebp-0Ch] 
 000000D9  64: 89 0D		mov         dword ptr fs:[0],ecx 
	   00000000
 000000E0  59			pop         ecx  
 000000E1  5F			pop         edi  
 000000E2  5F			pop         edi  
 000000E3  5E			pop         esi  
 000000E4  5B			pop         ebx  
 000000E5  8B E5		mov         esp,ebp 
 000000E7  5D			pop         ebp  
 000000E8  51			push        ecx  
 000000E9  C3			ret          
 000000EA			__EH_epilog3 ENDP

 000000EA			__EH_epilog3_catch_GS PROC NEAR
 000000EA  8B 4D EC		mov         ecx,dword ptr [ebp-14h] 
 000000ED  33 CD		xor         ecx,ebp 
 000000EF  E8 00000000 E	call        @__security_check_cookie@4
 000000F4  EB E0		jmp         __EH_epilog3
 000000F6			__EH_epilog3_catch_GS ENDP

 000000F6			__EH_prolog3_catch_GS PROC NEAR
 000000F6  50			push        eax  
 000000F7  64: FF 35		push        dword ptr fs:[0] 
	   00000000
 000000FE  8D 44 24 0C		lea         eax,[esp+0Ch] 
 00000102  2B 64 24 0C		sub         esp,dword ptr [esp+0Ch] 
 00000106  53			push        ebx  
 00000107  56			push        esi  
 00000108  57			push        edi  
 00000109  89 28		mov         dword ptr [eax],ebp 
 0000010B  8B E8		mov         ebp,eax 
 0000010D  A1 00000000 E	mov         eax,dword ptr [___security_cookie] 
 00000112  33 C5		xor         eax,ebp 
 00000114  50			push        eax  
 00000115  89 45 EC		mov         dword ptr [ebp-14h],eax 
 00000118  89 65 F0		mov         dword ptr [ebp-10h],esp 
 0000011B  FF 75 FC		push        dword ptr [ebp-4] 
 0000011E  C7 45 FC		mov         dword ptr [ebp-4],0FFFFFFFFh 
	   FFFFFFFF
 00000125  8D 45 F4		lea         eax,[ebp-0Ch] 
 00000128  64: A3		mov         dword ptr fs:[00000000h],eax 
	   00000000
 0000012E  C3			ret
 0000012F			__EH_prolog3_catch_GS ENDP

 0000012F			__EH_prolog3_catch PROC NEAR
 0000012F  6A FF		push	    0FFFFFFFFh 
 00000131  50			push	    eax  
 00000132  64: A1		mov	    eax,dword ptr fs:[00000000h] 
	   00000000
 00000138  50			push	    eax  
 00000139  8B 44 24 0C		mov	    eax,dword ptr [esp+0Ch] 
 0000013D  64: 89 25		mov	    dword ptr fs:[0],esp 
	   00000000
 00000144  89 6C 24 0C		mov	    dword ptr [esp+0Ch],ebp 
 00000148  8D 6C 24 0C		lea	    ebp,[esp+0Ch] 
 0000014C  50			push	    eax  
 0000014D  C3			ret  
 0000014E			__EH_prolog3_catch ENDP	  

 0000014E			__EH_epilog PROC NEAR
 0000014E  8B 4D F4		mov         ecx,dword ptr [ebp-0Ch] 
 00000151  64: 89 0D		mov         dword ptr fs:[0],ecx 
	   00000000
 00000158  59			pop         ecx  
 00000159  5F			pop         edi  
 0000015A  5F			pop         edi  
 0000015B  5E			pop         esi  
 0000015C  5B			pop         ebx  
 0000015D  8B E5		mov         esp,ebp 
 0000015F  5D			pop         ebp  
 00000160  51			push        ecx  
 00000161  C3			ret          
 00000162			__EH_epilog ENDP
					  
				END






Microsoft (R) Macro Assembler Version 14.00.24210.0	    12/25/16 11:57:59
D:\Develop\github\QOR\IDEProjects\VisualStudio\2015\WinCmpSupQORVC\..\..\..\..\Source\SystemQOR\MSWindows\WinCmpSupQORVC\src\Exceptions\SEH\intrinsics.asm  Symbols 2 - 1




Segments and Groups:

                N a m e                 Size     Length   Align   Combine Class

FLAT . . . . . . . . . . . . . .	GROUP
ZERO . . . . . . . . . . . . . .	32 Bit	 00000000 	  Private 
_DATA  . . . . . . . . . . . . .	32 Bit	 00000000 Para	  Public  'DATA'	
_TEXT  . . . . . . . . . . . . .	32 Bit	 00000162 Para	  Public  'CODE'	


Procedures, parameters, and locals:

                N a m e                 Type     Value    Attr

__EH_epilog3_catch_GS  . . . . .	P Near	 000000EA _TEXT	Length= 0000000C Public
__EH_epilog3 . . . . . . . . . .	P Near	 000000D6 _TEXT	Length= 00000014 Public
__EH_epilog  . . . . . . . . . .	P Near	 0000014E _TEXT	Length= 00000014 Public
__EH_prolog3_catch_GS  . . . . .	P Near	 000000F6 _TEXT	Length= 00000039 Public
__EH_prolog3_catch . . . . . . .	P Near	 0000012F _TEXT	Length= 0000001F Public
__EH_prolog3 . . . . . . . . . .	P Near	 000000B7 _TEXT	Length= 0000001F Public
__EH_prolog  . . . . . . . . . .	P Near	 00000098 _TEXT	Length= 0000001F Public
__SEH_epilog4  . . . . . . . . .	P Near	 00000087 _TEXT	Length= 00000011 Public
__SEH_epilog . . . . . . . . . .	P Near	 00000076 _TEXT	Length= 00000011 Public
__SEH_prolog4  . . . . . . . . .	P Near	 0000003B _TEXT	Length= 0000003B Public
__SEH_prolog . . . . . . . . . .	P Near	 00000000 _TEXT	Length= 0000003B Public


Symbols:

                N a m e                 Type     Value    Attr

@CodeSize  . . . . . . . . . . .	Number	 00000000h   
@DataSize  . . . . . . . . . . .	Number	 00000000h   
@Interface . . . . . . . . . . .	Number	 00000000h   
@Model . . . . . . . . . . . . .	Number	 00000007h   
@__security_check_cookie@4 . . .	L Near	 00000000 FLAT	External
@code  . . . . . . . . . . . . .	Text   	 _TEXT
@data  . . . . . . . . . . . . .	Text   	 FLAT
@fardata?  . . . . . . . . . . .	Text   	 FLAT
@fardata . . . . . . . . . . . .	Text   	 FLAT
@feat  . . . . . . . . . . . . .	Number	 00000001h   
@stack . . . . . . . . . . . . .	Text   	 FLAT
___security_cookie . . . . . . .	L Near	 00000000 FLAT	External
__except_handler4  . . . . . . .	L Near	 00000000 FLAT	External
__except_list  . . . . . . . . .	Number	 00000000h   Public
__fltused  . . . . . . . . . . .	Number	 00009876h   Public
__ldused . . . . . . . . . . . .	Number	 00009876h   Public
__tls_array  . . . . . . . . . .	Number	 0000002Ch   Public

	   0 Warnings
	   0 Errors
